<?xml version="1.0" encoding="UTF-8"?>
<testsuites name="jest tests" tests="18" failures="0" errors="0" time="1.266">
  <testsuite name="create Cell object" errors="0" failures="0" skipped="0" timestamp="2022-12-14T20:48:53" time="1.015" tests="5">
    <testcase classname="create Cell object should throw row out of range error" name="create Cell object should throw row out of range error" time="0.003">
    </testcase>
    <testcase classname="create Cell object should throw column out of range error" name="create Cell object should throw column out of range error" time="0">
    </testcase>
    <testcase classname="create Cell object should throw invalid value error" name="create Cell object should throw invalid value error" time="0">
    </testcase>
    <testcase classname="create Cell object should remove notes" name="create Cell object should remove notes" time="0.001">
    </testcase>
    <testcase classname="create Cell object should initialize box" name="create Cell object should initialize box" time="0.001">
    </testcase>
  </testsuite>
  <testsuite name="create Board objects" errors="0" failures="0" skipped="0" timestamp="2022-12-14T20:48:53" time="1.075" tests="8">
    <testcase classname="create Board objects should throw invalid board length error" name="create Board objects should throw invalid board length error" time="0.001">
    </testcase>
    <testcase classname="create Board objects should throw invalid board character error" name="create Board objects should throw invalid board character error" time="0.001">
    </testcase>
    <testcase classname="create Board objects should throw board already solved error" name="create Board objects should throw board already solved error" time="0">
    </testcase>
    <testcase classname="create Board objects should throw duplicate value in column error" name="create Board objects should throw duplicate value in column error" time="0.002">
    </testcase>
    <testcase classname="create Board objects should throw duplicate value in row error" name="create Board objects should throw duplicate value in row error" time="0.001">
    </testcase>
    <testcase classname="solve Boards should solve single naked single" name="solve Boards should solve single naked single" time="0.002">
    </testcase>
    <testcase classname="solve Boards should solve naked singles only board" name="solve Boards should solve naked singles only board" time="0.001">
    </testcase>
    <testcase classname="solve Boards should solve row hidden single" name="solve Boards should solve row hidden single" time="0.003">
    </testcase>
  </testsuite>
  <testsuite name="create naked single" errors="0" failures="0" skipped="0" timestamp="2022-12-14T20:48:53" time="1.088" tests="5">
    <testcase classname="create naked single should throw strategy not identified error" name="create naked single should throw strategy not identified error" time="0.002">
    </testcase>
    <testcase classname="create naked single should not be a naked single" name="create naked single should not be a naked single" time="0">
    </testcase>
    <testcase classname="create naked single should be a naked single" name="create naked single should be a naked single" time="0.001">
    </testcase>
    <testcase classname="create hidden single should not be a hidden single" name="create hidden single should not be a hidden single" time="0">
    </testcase>
    <testcase classname="create hidden single should be a hidden single" name="create hidden single should be a hidden single" time="0">
    </testcase>
  </testsuite>
</testsuites>